{
    "id": "product-id",
    "name": "Minyak Goreng",
    "price": 40000,
    "desciprtion": "Minyak Goreng"
}
