{
    "id": "user-id",
    "name": "User Name",
    "email": "user@example.com",
    "password": "$2a$04$8mW.H03EsVEp/LhUeaGfjuEqFs4/86xxOJCL5lFRd8vxha9rRPDxC",
    "address": "address"
}
